def replace_unicode_characters(text: str) -> str:
  """
  Replace various unicode and other characters with appropriate substitutes.

  Args:
      text (str): The input text.

  Returns:
      str: The text with replaced unicode and other characters.
  """
  replacements = {
    '\u200b': ' ',  # replace zero-width space Unicode with space
    '\u2013': '-',  # replace en dash Unicode with hyphen
    '\u2014': '-',  # replace em dash Unicode with hyphen
    '\u2019': "'",  # replace right single quotation mark Unicode with apostrophe
    '\u2018': "'",  # replace left single quotation mark Unicode with apostrophe
    '\n': ' ',  # replace newlines with spaces
    '\"': ' ',  # replace double quotes with spaces
    '\t': ' ',  # replace tabs with spaces
    '\r': ' ',  # replace carriage returns with spaces
    # ',': ', ',  # add a space after every comma
    '\xa0': ' ',  # replace non-breaking space Unicode with space
  }

  for char, replacement in replacements.items():
    text = text.replace(char, replacement)

  text = text.encode().decode('unicode_escape')  # replace unicode characters with their closest ASCII representation
  text = text.encode('ascii', 'ignore').decode('utf-8')  # remove non-ascii, except for unicode characters

  # Convert any remaining unicode characters to their closest ASCII representation
  text = unidecode(text)
  return text


  Traceback (most recent call last):
  File "C:\Users\Juan\PycharmProjects\nlp4ie\paper_c_1_dl_extract_sentences.py", line 185, in <module>
    text = [preprocess_sentence_cached(sent.text) for sent in nlp_trf(text).sents]
  File "C:\Users\Juan\PycharmProjects\nlp4ie\paper_c_1_dl_extract_sentences.py", line 185, in <listcomp>
    text = [preprocess_sentence_cached(sent.text) for sent in nlp_trf(text).sents]
  File "C:\Users\Juan\PycharmProjects\nlp4ie\paper_c_1_dl_extract_sentences.py", line 66, in preprocess_sentence_cached
    return preprocess_text(sentence, nlp_trf,
  File "C:\Users\Juan\PycharmProjects\nlp4ie\lib\text_utils.py", line 52, in preprocess_text
    text = replace_unicode_characters(text)
  File "C:\Users\Juan\PycharmProjects\nlp4ie\lib\text_utils.py", line 185, in replace_unicode_characters
    text = text.encode().decode('unicode_escape')  # replace unicode characters with their closest ASCII representation
UnicodeDecodeError: 'unicodeescape' codec can't decode byte 0x5c in position 6: \ at end of string
